{
  "already_cleaned": false,
  "blockers": [
    {
      "code": "uncommitted-content",
      "entries": [
        {
          "code": "??",
          "path": "findings.md"
        }
      ],
      "message": "1 uncommitted entry; pass --archive-uncommitted or --discard-uncommitted"
    }
  ],
  "cleaned": false,
  "decision": {
    "at": "2026-09-12T13:22:11.682576Z",
    "disposition": "investigation accepted"
  },
  "error": "cleanup-blocked",
  "message": "cleanup cannot proceed; no registered resource was removed",
  "resources": {
    "branch": {
      "exists": true,
      "head": "8948648a470e65858b9d23b1150dd8e90314b953",
      "name": "hpm/w-smoke06-oc"
    },
    "contract": "/tmp/opencode/hpm-exp06/repo/.git/herdr-plan-manager/workers/w-smoke06-oc/contract.md",
    "handoffs": [],
    "management_dir": "/tmp/opencode/hpm-exp06/repo/.git/herdr-plan-manager/workers/w-smoke06-oc",
    "result": "/tmp/opencode/hpm-exp06/repo/.git/herdr-plan-manager/workers/w-smoke06-oc/result.json",
    "sessions": [
      {
        "agent": "w-smoke06-oc",
        "agent_live": true,
        "agent_status": "idle",
        "index": 1,
        "session_status": "ended",
        "tab": "wJ:t14"
      }
    ],
    "worktree": {
      "dirty": true,
      "exists": true,
      "owned": true,
      "path": "/tmp/opencode/hpm-exp06/repo/.git/herdr-plan-manager/worktrees/w-smoke06-oc",
      "uncommitted_entries": [
        {
          "code": "??",
          "path": "findings.md"
        }
      ]
    }
  },
  "retained": {
    "branch": "hpm/w-smoke06-oc",
    "management_dir": "/tmp/opencode/hpm-exp06/repo/.git/herdr-plan-manager/workers/w-smoke06-oc",
    "result": "/tmp/opencode/hpm-exp06/repo/.git/herdr-plan-manager/workers/w-smoke06-oc/result.json",
    "worktree": "/tmp/opencode/hpm-exp06/repo/.git/herdr-plan-manager/worktrees/w-smoke06-oc"
  },
  "worker_id": "w-smoke06-oc"
}
