{
  "already_cleaned": false,
  "blockers": [
    {
      "code": "uncommitted-content",
      "entries": [
        {
          "code": "??",
          "path": "slow-01.txt"
        },
        {
          "code": "??",
          "path": "slow-02.txt"
        },
        {
          "code": "??",
          "path": "slow-03.txt"
        },
        {
          "code": "??",
          "path": "slow-04.txt"
        },
        {
          "code": "??",
          "path": "slow-05.txt"
        },
        {
          "code": "??",
          "path": "slow-06.txt"
        },
        {
          "code": "??",
          "path": "slow-07.txt"
        },
        {
          "code": "??",
          "path": "slow-08.txt"
        },
        {
          "code": "??",
          "path": "slow-09.txt"
        },
        {
          "code": "??",
          "path": "slow-10.txt"
        },
        {
          "code": "??",
          "path": "slow-11.txt"
        },
        {
          "code": "??",
          "path": "slow-12.txt"
        },
        {
          "code": "??",
          "path": "slow-13.txt"
        },
        {
          "code": "??",
          "path": "slow-14.txt"
        },
        {
          "code": "??",
          "path": "slow-15.txt"
        },
        {
          "code": "??",
          "path": "slow-16.txt"
        },
        {
          "code": "??",
          "path": "slow-17.txt"
        },
        {
          "code": "??",
          "path": "slow-18.txt"
        },
        {
          "code": "??",
          "path": "slow-19.txt"
        },
        {
          "code": "??",
          "path": "slow-20.txt"
        },
        {
          "code": "??",
          "path": "slow-21.txt"
        },
        {
          "code": "??",
          "path": "slow-22.txt"
        },
        {
          "code": "??",
          "path": "slow-23.txt"
        },
        {
          "code": "??",
          "path": "slow-24.txt"
        },
        {
          "code": "??",
          "path": "slow-25.txt"
        },
        {
          "code": "??",
          "path": "slow-26.txt"
        },
        {
          "code": "??",
          "path": "slow-27.txt"
        },
        {
          "code": "??",
          "path": "slow-28.txt"
        },
        {
          "code": "??",
          "path": "slow-29.txt"
        },
        {
          "code": "??",
          "path": "slow-30.txt"
        }
      ],
      "message": "30 uncommitted entries; pass --archive-uncommitted or --discard-uncommitted"
    }
  ],
  "cleaned": false,
  "decision": {
    "at": "2026-09-12T13:26:11.980202Z",
    "disposition": "abandoned"
  },
  "error": "cleanup-blocked",
  "message": "cleanup cannot proceed; no registered resource was removed",
  "resources": {
    "branch": {
      "exists": true,
      "head": "8948648a470e65858b9d23b1150dd8e90314b953",
      "name": "hpm/w-smoke06-stop"
    },
    "contract": "/tmp/opencode/hpm-exp06/repo/.git/herdr-plan-manager/workers/w-smoke06-stop/contract.md",
    "handoffs": [],
    "management_dir": "/tmp/opencode/hpm-exp06/repo/.git/herdr-plan-manager/workers/w-smoke06-stop",
    "result": "/tmp/opencode/hpm-exp06/repo/.git/herdr-plan-manager/workers/w-smoke06-stop/result.json",
    "sessions": [
      {
        "agent": "w-smoke06-stop",
        "agent_live": true,
        "agent_status": "done",
        "index": 1,
        "session_status": "ended",
        "tab": "wJ:t17"
      }
    ],
    "worktree": {
      "dirty": true,
      "exists": true,
      "owned": true,
      "path": "/tmp/opencode/hpm-exp06/repo/.git/herdr-plan-manager/worktrees/w-smoke06-stop",
      "uncommitted_entries": [
        {
          "code": "??",
          "path": "slow-01.txt"
        },
        {
          "code": "??",
          "path": "slow-02.txt"
        },
        {
          "code": "??",
          "path": "slow-03.txt"
        },
        {
          "code": "??",
          "path": "slow-04.txt"
        },
        {
          "code": "??",
          "path": "slow-05.txt"
        },
        {
          "code": "??",
          "path": "slow-06.txt"
        },
        {
          "code": "??",
          "path": "slow-07.txt"
        },
        {
          "code": "??",
          "path": "slow-08.txt"
        },
        {
          "code": "??",
          "path": "slow-09.txt"
        },
        {
          "code": "??",
          "path": "slow-10.txt"
        },
        {
          "code": "??",
          "path": "slow-11.txt"
        },
        {
          "code": "??",
          "path": "slow-12.txt"
        },
        {
          "code": "??",
          "path": "slow-13.txt"
        },
        {
          "code": "??",
          "path": "slow-14.txt"
        },
        {
          "code": "??",
          "path": "slow-15.txt"
        },
        {
          "code": "??",
          "path": "slow-16.txt"
        },
        {
          "code": "??",
          "path": "slow-17.txt"
        },
        {
          "code": "??",
          "path": "slow-18.txt"
        },
        {
          "code": "??",
          "path": "slow-19.txt"
        },
        {
          "code": "??",
          "path": "slow-20.txt"
        },
        {
          "code": "??",
          "path": "slow-21.txt"
        },
        {
          "code": "??",
          "path": "slow-22.txt"
        },
        {
          "code": "??",
          "path": "slow-23.txt"
        },
        {
          "code": "??",
          "path": "slow-24.txt"
        },
        {
          "code": "??",
          "path": "slow-25.txt"
        },
        {
          "code": "??",
          "path": "slow-26.txt"
        },
        {
          "code": "??",
          "path": "slow-27.txt"
        },
        {
          "code": "??",
          "path": "slow-28.txt"
        },
        {
          "code": "??",
          "path": "slow-29.txt"
        },
        {
          "code": "??",
          "path": "slow-30.txt"
        }
      ]
    }
  },
  "retained": {
    "branch": "hpm/w-smoke06-stop",
    "management_dir": "/tmp/opencode/hpm-exp06/repo/.git/herdr-plan-manager/workers/w-smoke06-stop",
    "result": "/tmp/opencode/hpm-exp06/repo/.git/herdr-plan-manager/workers/w-smoke06-stop/result.json",
    "worktree": "/tmp/opencode/hpm-exp06/repo/.git/herdr-plan-manager/worktrees/w-smoke06-stop"
  },
  "worker_id": "w-smoke06-stop"
}
